
> quiz@2.0.0 test:e2e /home/runner/work/study/study/app
> bddgen && playwright test


Running 59 tests using 2 workers

  ✓   2 [chromium] › .features-gen/e2e/features/components/ref-admin-tab.feature.spec.js:10:3 › 機能リファレンス - 管理タブ › 管理タブを開くと更改コンテンツがデフォルトで表示される (3.4s)
  ✓   1 [chromium] › .features-gen/e2e/features/components/ref-admin-tab.feature.spec.js:15:3 › 機能リファレンス - 管理タブ › 管理タブの更改ボタンを再クリックしてもコンテンツは閉じない (3.5s)
  ✓   3 [chromium] › .features-gen/e2e/features/components/ref-admin-tab.feature.spec.js:21:3 › 機能リファレンス - 管理タブ › 管理タブの初期化パネルが表示される (3.2s)
  ✓   4 [chromium] › .features-gen/e2e/features/components/ref-admin-tab.feature.spec.js:27:3 › 機能リファレンス - 管理タブ › 管理タブの初期化ボタンが表示される (3.2s)
  ✓   6 [chromium] › .features-gen/e2e/features/components/ref-admin-tab.feature.spec.js:39:3 › 機能リファレンス - 管理タブ › 管理タブのエクスポートパネルが表示される (2.8s)
  ✓   5 [chromium] › .features-gen/e2e/features/components/ref-admin-tab.feature.spec.js:33:3 › 機能リファレンス - 管理タブ › 管理タブのサンプル初期化ボタンが表示される (3.0s)
  ✓   8 [chromium] › .features-gen/e2e/features/components/ref-guide-tab.feature.spec.js:10:3 › 機能リファレンス - ガイドタブ › サポートボタンをクリックするとメニュー順とサブタブ構成が表示される (3.4s)
  ✓   7 [chromium] › .features-gen/e2e/features/components/ref-admin-tab.feature.spec.js:45:3 › 機能リファレンス - 管理タブ › 管理タブのエクスポートボタンをクリックするとJSONファイルがダウンロードされる (3.5s)
  ✓   9 [chromium] › .features-gen/e2e/features/components/ref-header.feature.spec.js:10:3 › 機能リファレンス - ヘッダー › アプリ名（タイトル）がヘッダーに表示される (2.4s)
  ✓  10 [chromium] › .features-gen/e2e/features/components/ref-header.feature.spec.js:14:3 › 機能リファレンス - ヘッダー › アプリ名をクリックするとハッシュなしのトップURLに遷移する (3.1s)
  ✓  11 [chromium] › .features-gen/e2e/features/components/ref-header.feature.spec.js:20:3 › 機能リファレンス - ヘッダー › ヘッダーにユーザー追加ボタン（＋）が表示されない (2.5s)
  ✓  12 [chromium] › .features-gen/e2e/features/components/ref-header.feature.spec.js:24:3 › 機能リファレンス - ヘッダー › ユーザー名をクリックするとプロフィールダイアログが開く (2.8s)
  ✓  13 [chromium] › .features-gen/e2e/features/components/ref-header.feature.spec.js:29:3 › 機能リファレンス - ヘッダー › アバター画像をクリックするとプロフィールダイアログが開く (2.5s)
  ✓  14 [chromium] › .features-gen/e2e/features/components/ref-header.feature.spec.js:34:3 › 機能リファレンス - ヘッダー › プロフィールダイアログの閉じるボタンでダイアログが閉じる (2.7s)
  ✓  15 [chromium] › .features-gen/e2e/features/components/ref-header.feature.spec.js:40:3 › 機能リファレンス - ヘッダー › プロフィールダイアログでEscapeキーを押すとダイアログが閉じる (2.6s)
  ✓  16 [chromium] › .features-gen/e2e/features/components/ref-header.feature.spec.js:46:3 › 機能リファレンス - ヘッダー › プロフィールダイアログで表示名を編集できる (2.8s)
  ✓  17 [chromium] › .features-gen/e2e/features/components/ref-header.feature.spec.js:54:3 › 機能リファレンス - ヘッダー › プロフィールダイアログで新しいユーザーを追加できる (3.1s)
  ✓  18 [chromium] › .features-gen/e2e/features/components/ref-header.feature.spec.js:62:3 › 機能リファレンス - ヘッダー › サポートボタン（?）がヘッダーに表示される (2.3s)
  ✓  19 [chromium] › .features-gen/e2e/features/components/ref-header.feature.spec.js:66:3 › 機能リファレンス - ヘッダー › フォントサイズ「大」に切り替えるとbodyにfont-size-largeクラスが付与される (3.8s)
  ✓  20 [chromium] › .features-gen/e2e/features/components/ref-header.feature.spec.js:72:3 › 機能リファレンス - ヘッダー › フォントサイズ「小」に戻すとfont-size-largeクラスが除去される (4.2s)
  ✓  21 [chromium] › .features-gen/e2e/features/components/ref-osusume-tab.feature.spec.js:10:3 › 機能リファレンス - おすすめタブ › おすすめタブに教科概要カードが表示される (2.6s)
  ✓  22 [chromium] › .features-gen/e2e/features/components/ref-osusume-tab.feature.spec.js:15:3 › 機能リファレンス - おすすめタブ › おすすめタブに活動サマリパネルが表示される (2.6s)
  ✓  23 [chromium] › .features-gen/e2e/features/components/ref-osusume-tab.feature.spec.js:20:3 › 機能リファレンス - おすすめタブ › おすすめタブの活動サマリに日付が含まれる (2.5s)
  ✓  24 [chromium] › .features-gen/e2e/features/components/ref-quiz-screen.feature.spec.js:10:3 › 機能リファレンス - 問題画面 › 本番クイズを開始するとクイズ画面が表示される (3.3s)
  ✓  25 [chromium] › .features-gen/e2e/features/components/ref-quiz-screen.feature.spec.js:17:3 › 機能リファレンス - 問題画面 › クイズ画面にStartHeaderが表示される (3.5s)
  ✓  26 [chromium] › .features-gen/e2e/features/components/ref-quiz-screen.feature.spec.js:24:3 › 機能リファレンス - 問題画面 › 問題に回答すると「次へ」ボタンが有効になる (3.9s)
  ✓  27 [chromium] › .features-gen/e2e/features/components/ref-quiz-screen.feature.spec.js:31:3 › 機能リファレンス - 問題画面 › 全問回答後に「採点する」ボタンが表示される (5.5s)
  ✓  28 [chromium] › .features-gen/e2e/features/components/ref-quiz-screen.feature.spec.js:38:3 › 機能リファレンス - 問題画面 › ストレート順でクイズ開始時にpractice-modeクラスが付与される (3.6s)
  ✓  29 [chromium] › .features-gen/e2e/features/components/ref-quiz-screen.feature.spec.js:46:3 › 機能リファレンス - 問題画面 › 本番クイズ開始時にpractice-modeクラスが付与されない (4.0s)
  ✓  30 [chromium] › .features-gen/e2e/features/components/ref-quiz-screen.feature.spec.js:53:3 › 機能リファレンス - 問題画面 › ひらがな問題では手書き認識でひらがな以外の候補が表示されない @kanji-stub (6.6s)
  ✓  31 [chromium] › .features-gen/e2e/features/components/ref-result-screen.feature.spec.js:10:3 › 機能リファレンス - 結果画面 › 採点後に結果画面が表示されスコアが表示される (5.4s)
  ✓  32 [chromium] › .features-gen/e2e/features/components/ref-result-screen.feature.spec.js:19:3 › 機能リファレンス - 結果画面 › 結果画面から「もう一度」でクイズ画面に戻れる (4.2s)
  ✓  34 [chromium] › .features-gen/e2e/features/components/ref-start-screen.feature.spec.js:10:3 › 機能リファレンス - スタート画面 › スタート画面が表示される (1.7s)
  ✓  33 [chromium] › .features-gen/e2e/features/components/ref-result-screen.feature.spec.js:30:3 › 機能リファレンス - 結果画面 › 結果画面から「スタート画面に戻る」で戻れる (4.3s)
  ✓  35 [chromium] › .features-gen/e2e/features/components/ref-start-screen.feature.spec.js:15:3 › 機能リファレンス - スタート画面 › 教科タブで教科を切り替えると単元一覧が表示される (2.0s)
  ✓  36 [chromium] › .features-gen/e2e/features/components/ref-start-screen.feature.spec.js:21:3 › 機能リファレンス - スタート画面 › 単元一覧で単元をクリックすると単元が選択状態になる (1.9s)
  ✓  37 [chromium] › .features-gen/e2e/features/components/ref-start-screen.feature.spec.js:27:3 › 機能リファレンス - スタート画面 › 単元をクリックすると前回のパネルタブが引き継がれる (1.8s)
  ✓  38 [chromium] › .features-gen/e2e/features/components/ref-start-screen.feature.spec.js:33:3 › 機能リファレンス - スタート画面 › 学年フィルターボタンが表示される (1.8s)
  ✓  40 [chromium] › .features-gen/e2e/features/components/ref-start-screen.feature.spec.js:45:3 › 機能リファレンス - スタート画面 › カテゴリ別／学年別ビュー切替ボタンが表示される (1.7s)
  ✓  39 [chromium] › .features-gen/e2e/features/components/ref-start-screen.feature.spec.js:38:3 › 機能リファレンス - スタート画面 › 学年フィルターで絞り込みができる (2.5s)
  ✓  41 [chromium] › .features-gen/e2e/features/components/ref-start-screen.feature.spec.js:50:3 › 機能リファレンス - スタート画面 › 学年別ビューに切り替えると学年グループが表示される (2.0s)
  ✓  42 [chromium] › .features-gen/e2e/features/components/ref-start-screen.feature.spec.js:56:3 › 機能リファレンス - スタート画面 › 学年グループのバーから学年詳細を表示できる (2.1s)
  ✓  43 [chromium] › .features-gen/e2e/features/components/ref-start-screen.feature.spec.js:63:3 › 機能リファレンス - スタート画面 › 親カテゴリグループを折りたたみ・展開できる (2.1s)
  ✓  44 [chromium] › .features-gen/e2e/features/components/ref-start-screen.feature.spec.js:71:3 › 機能リファレンス - スタート画面 › 学習状況フィルターで学習済みアイテムが表示される (2.8s)
  ✓  45 [chromium] › .features-gen/e2e/features/components/ref-start-screen.feature.spec.js:84:3 › 機能リファレンス - スタート画面 › URLフラグメントで教科を切り替えるとタブがアクティブになる (1.6s)
  ✓  46 [chromium] › .features-gen/e2e/features/components/ref-start-screen.feature.spec.js:90:3 › 機能リファレンス - スタート画面 › URLフラグメントの不正な教科名は無視される (1.5s)
  ✓  47 [chromium] › .features-gen/e2e/features/components/ref-start-screen.feature.spec.js:96:3 › 機能リファレンス - スタート画面 › 履歴タブが国語タブと管理タブの間に表示される (1.2s)
  ✓  48 [chromium] › .features-gen/e2e/features/components/ref-start-screen.feature.spec.js:100:3 › 機能リファレンス - スタート画面 › 履歴タブで単元毎と問題毎を切り替えられる (1.4s)
  ✓  49 [chromium] › .features-gen/e2e/features/components/ref-unit-detail.feature.spec.js:10:3 › 機能リファレンス - 単元詳細パネル › 単元を選択するとクイズパネルが表示される (1.8s)
  ✓  50 [chromium] › .features-gen/e2e/features/components/ref-unit-detail.feature.spec.js:16:3 › 機能リファレンス - 単元詳細パネル › 解説パネルにコンテンツdivが表示される (1.9s)
  ✓  52 [chromium] › .features-gen/e2e/features/components/viewport-scaling.feature.spec.js:6:3 › 縦方向スケーリング › 1920×900のワイドスクリーンでスタート画面がビューポート内に収まる (653ms)
  ✓  51 [chromium] › .features-gen/e2e/features/components/ref-unit-detail.feature.spec.js:22:3 › 機能リファレンス - 単元詳細パネル › 手動確認済み記録は実施記録でread-only表示になる (2.5s)
  ✓  53 [chromium] › .features-gen/e2e/features/components/viewport-scaling.feature.spec.js:14:3 › 縦方向スケーリング › 2560×900の超ワイドスクリーンでスタート画面がビューポート内に収まる (737ms)
  ✓  54 [chromium] › .features-gen/e2e/features/components/viewport-scaling.feature.spec.js:22:3 › 縦方向スケーリング › 1920×1080の標準画面でスケールは1倍になる (382ms)
  ✓  55 [chromium] › .features-gen/e2e/features/components/viewport-scaling.feature.spec.js:28:3 › 縦方向スケーリング › 1280×720の画面でスケールが比率に応じて適用される (387ms)
  ✓  56 [chromium] › .features-gen/e2e/features/components/viewport-scaling.feature.spec.js:34:3 › 縦方向スケーリング › 2560×1440の画面でスケールが比率に応じて適用される (481ms)
  ✓  57 [chromium] › .features-gen/e2e/features/components/viewport-scaling.feature.spec.js:40:3 › 縦方向スケーリング › 390×844のスマホ縦持ちではスケーリングが適用されない (321ms)
  ✓  58 [chromium] › .features-gen/e2e/features/components/viewport-scaling.feature.spec.js:46:3 › 縦方向スケーリング › 390×844のスマホ縦持ちでスタート画面が表示される (475ms)
  ✓  59 [chromium] › .features-gen/e2e/features/usecases/start-basic-flow.feature.spec.js:10:3 › スタートリファレンス - 基本学習フロー › スタートからクイズ・採点・結果まで基本フローを通しで検証する (3.2s)

  59 passed (1.4m)
